// Jest Snapshot v1, https://goo.gl/fbAQLP

exports[`Settings matches snapshot 1`] = `
<DocumentFragment>
  <div
    class="index"
  >
    <a
      class="index Back"
      href="/examples"
    >
      <img
        alt="back"
        src="arrow.svg"
      />
    </a>
    <h1>
      Example: Cylinder
    </h1>
    <div
      class="index"
    >
      <p>
        Algorithm:
      </p>
      <div
        class="CheckBoxes"
      >
        <label>
          <input
            checked=""
            type="radio"
          />
          <span
            class="text"
          >
            COVA
          </span>
          <span
            class="checkmark"
          />
        </label>
        <label>
          <input
            type="radio"
          />
          <span
            class="text"
          >
            ANGEL
          </span>
          <span
            class="checkmark"
          />
        </label>
      </div>
    </div>
    <div
      class="index"
    >
      <p>
        Neighbour number:
      </p>
      <div
        class="rc-slider rc-slider-with-marks"
      >
        <div
          class="rc-slider-rail"
          style="height: 4px;"
        />
        <div
          class="rc-slider-track"
          style="height: 4px; left: 0%; width: 0%;"
        />
        <div
          class="rc-slider-step"
        >
          <span
            class="rc-slider-dot rc-slider-dot-active"
            style="height: 10px; width: 10px; bottom: -3px; left: 0%;"
          />
          <span
            class="rc-slider-dot"
            style="border: 2px solid #fff; height: 10px; width: 10px; bottom: -3px; left: 20%;"
          />
          <span
            class="rc-slider-dot"
            style="border: 2px solid #fff; height: 10px; width: 10px; bottom: -3px; left: 40%;"
          />
          <span
            class="rc-slider-dot"
            style="border: 2px solid #fff; height: 10px; width: 10px; bottom: -3px; left: 60%;"
          />
          <span
            class="rc-slider-dot"
            style="border: 2px solid #fff; height: 10px; width: 10px; bottom: -3px; left: 80%;"
          />
          <span
            class="rc-slider-dot"
            style="border: 2px solid #fff; height: 10px; width: 10px; bottom: -3px; left: 100%;"
          />
        </div>
        <div
          aria-disabled="false"
          aria-valuemax="5"
          aria-valuemin="0"
          aria-valuenow="0"
          class="rc-slider-handle"
          role="slider"
          style="height: 20px; width: 20px; margin-top: -9px; box-shadow: none; left: 0%; transform: translateX(-50%);"
          tabindex="0"
        />
        <div
          class="rc-slider-mark"
        >
          <span
            class="rc-slider-mark-text rc-slider-mark-text-active"
            style="transform: translateX(-50%); left: 0%; font-size: 0.85rem; color: rgb(204, 204, 204);"
          >
            10
          </span>
          <span
            class="rc-slider-mark-text"
            style="transform: translateX(-50%); left: 20%; font-size: 0.85rem; color: rgb(204, 204, 204);"
          >
            20
          </span>
          <span
            class="rc-slider-mark-text"
            style="transform: translateX(-50%); left: 40%; font-size: 0.85rem; color: rgb(204, 204, 204);"
          >
            30
          </span>
          <span
            class="rc-slider-mark-text"
            style="transform: translateX(-50%); left: 60%; font-size: 0.85rem; color: rgb(204, 204, 204);"
          >
            10%
          </span>
          <span
            class="rc-slider-mark-text"
            style="transform: translateX(-50%); left: 80%; font-size: 0.85rem; color: rgb(204, 204, 204);"
          >
            30%
          </span>
          <span
            class="rc-slider-mark-text"
            style="transform: translateX(-50%); left: 100%; font-size: 0.85rem; color: rgb(204, 204, 204);"
          >
            50%
          </span>
        </div>
      </div>
    </div>
    <div
      class="index"
    >
      <p>
        Lambda:
      </p>
      <div
        class="rc-slider rc-slider-with-marks"
      >
        <div
          class="rc-slider-rail"
          style="height: 4px;"
        />
        <div
          class="rc-slider-track"
          style="height: 4px; left: 0%; width: 0%;"
        />
        <div
          class="rc-slider-step"
        >
          <span
            class="rc-slider-dot rc-slider-dot-active"
            style="height: 10px; width: 10px; bottom: -3px; left: 0%;"
          />
          <span
            class="rc-slider-dot"
            style="border: 2px solid #fff; height: 10px; width: 10px; bottom: -3px; left: 20%;"
          />
          <span
            class="rc-slider-dot"
            style="border: 2px solid #fff; height: 10px; width: 10px; bottom: -3px; left: 40%;"
          />
          <span
            class="rc-slider-dot"
            style="border: 2px solid #fff; height: 10px; width: 10px; bottom: -3px; left: 60%;"
          />
          <span
            class="rc-slider-dot"
            style="border: 2px solid #fff; height: 10px; width: 10px; bottom: -3px; left: 80%;"
          />
          <span
            class="rc-slider-dot"
            style="border: 2px solid #fff; height: 10px; width: 10px; bottom: -3px; left: 100%;"
          />
        </div>
        <div
          aria-disabled="false"
          aria-valuemax="1"
          aria-valuemin="0"
          aria-valuenow="0"
          class="rc-slider-handle"
          role="slider"
          style="height: 20px; width: 20px; margin-top: -9px; box-shadow: none; left: 0%; transform: translateX(-50%);"
          tabindex="0"
        />
        <div
          class="rc-slider-mark"
        >
          <span
            class="rc-slider-mark-text rc-slider-mark-text-active"
            style="transform: translateX(-50%); left: 0%; font-size: 0.85rem; color: rgb(204, 204, 204);"
          >
            0
          </span>
          <span
            class="rc-slider-mark-text"
            style="transform: translateX(-50%); left: 20%; font-size: 0.85rem; color: rgb(204, 204, 204);"
          >
            0.2
          </span>
          <span
            class="rc-slider-mark-text"
            style="transform: translateX(-50%); left: 40%; font-size: 0.85rem; color: rgb(204, 204, 204);"
          >
            0.4
          </span>
          <span
            class="rc-slider-mark-text"
            style="transform: translateX(-50%); left: 60%; font-size: 0.85rem; color: rgb(204, 204, 204);"
          >
            0.6
          </span>
          <span
            class="rc-slider-mark-text"
            style="transform: translateX(-50%); left: 80%; font-size: 0.85rem; color: rgb(204, 204, 204);"
          >
            0.8
          </span>
          <span
            class="rc-slider-mark-text"
            style="transform: translateX(-50%); left: 100%; font-size: 0.85rem; color: rgb(204, 204, 204);"
          >
            1
          </span>
        </div>
      </div>
    </div>
    <div
      class="index"
    >
      <p>
        Alpha:
      </p>
      <div
        class="rc-slider rc-slider-with-marks"
      >
        <div
          class="rc-slider-rail"
          style="height: 4px;"
        />
        <div
          class="rc-slider-track"
          style="height: 4px; left: 0%; width: 40%;"
        />
        <div
          class="rc-slider-step"
        >
          <span
            class="rc-slider-dot rc-slider-dot-active"
            style="height: 10px; width: 10px; bottom: -3px; left: 0%;"
          />
          <span
            class="rc-slider-dot rc-slider-dot-active"
            style="height: 10px; width: 10px; bottom: -3px; left: 20%;"
          />
          <span
            class="rc-slider-dot rc-slider-dot-active"
            style="height: 10px; width: 10px; bottom: -3px; left: 40%;"
          />
          <span
            class="rc-slider-dot"
            style="border: 2px solid #fff; height: 10px; width: 10px; bottom: -3px; left: 60%;"
          />
          <span
            class="rc-slider-dot"
            style="border: 2px solid #fff; height: 10px; width: 10px; bottom: -3px; left: 80%;"
          />
          <span
            class="rc-slider-dot"
            style="border: 2px solid #fff; height: 10px; width: 10px; bottom: -3px; left: 100%;"
          />
        </div>
        <div
          aria-disabled="false"
          aria-valuemax="1"
          aria-valuemin="0"
          aria-valuenow="0.4"
          class="rc-slider-handle"
          role="slider"
          style="height: 20px; width: 20px; margin-top: -9px; box-shadow: none; left: 40%; transform: translateX(-50%);"
          tabindex="0"
        />
        <div
          class="rc-slider-mark"
        >
          <span
            class="rc-slider-mark-text rc-slider-mark-text-active"
            style="transform: translateX(-50%); left: 0%; font-size: 0.85rem; color: rgb(204, 204, 204);"
          >
            0
          </span>
          <span
            class="rc-slider-mark-text rc-slider-mark-text-active"
            style="transform: translateX(-50%); left: 20%; font-size: 0.85rem; color: rgb(204, 204, 204);"
          >
            0.2
          </span>
          <span
            class="rc-slider-mark-text rc-slider-mark-text-active"
            style="transform: translateX(-50%); left: 40%; font-size: 0.85rem; color: rgb(204, 204, 204);"
          >
            0.4
          </span>
          <span
            class="rc-slider-mark-text"
            style="transform: translateX(-50%); left: 60%; font-size: 0.85rem; color: rgb(204, 204, 204);"
          >
            0.6
          </span>
          <span
            class="rc-slider-mark-text"
            style="transform: translateX(-50%); left: 80%; font-size: 0.85rem; color: rgb(204, 204, 204);"
          >
            0.8
          </span>
          <span
            class="rc-slider-mark-text"
            style="transform: translateX(-50%); left: 100%; font-size: 0.85rem; color: rgb(204, 204, 204);"
          >
            1
          </span>
        </div>
      </div>
    </div>
    <div
      class="index"
    >
      <p>
        Cohort number:
      </p>
      <div
        class="CheckBoxes"
      >
        <label>
          <input
            type="radio"
          />
          <span
            class="text"
          >
            Original cohort number
          </span>
          <span
            class="checkmark"
          />
        </label>
        <label>
          <input
            checked=""
            type="radio"
          />
          <span
            class="text"
          >
            10% of the number of points
          </span>
          <span
            class="checkmark"
          />
        </label>
      </div>
    </div>
    <div
      class="index"
    >
      <p>
        Show Data Preservation Error:
      </p>
      <div
        class="CheckBoxes"
      >
        <label>
          <input
            type="radio"
          />
          <span
            class="text"
          >
            Yes
          </span>
          <span
            class="checkmark"
          />
        </label>
        <label>
          <input
            checked=""
            type="radio"
          />
          <span
            class="text"
          >
            No
          </span>
          <span
            class="checkmark"
          />
        </label>
      </div>
    </div>
  </div>
</DocumentFragment>
`;
