// Jest Snapshot v1, https://goo.gl/fbAQLP

exports[`Test Slider Component with marks number inputs Matches snapshot 1`] = `
<DocumentFragment>
  <div
    class="index"
  >
    <p>
      Test Description
    </p>
    <div
      class="rc-slider rc-slider-with-marks"
    >
      <div
        class="rc-slider-rail"
        style="height: 4px;"
      />
      <div
        class="rc-slider-track"
        style="height: 4px; left: 0%; width: 0%;"
      />
      <div
        class="rc-slider-step"
      >
        <span
          class="rc-slider-dot rc-slider-dot-active"
          style="height: 10px; width: 10px; bottom: -3px; left: 0%;"
        />
        <span
          class="rc-slider-dot"
          style="border: 2px solid #fff; height: 10px; width: 10px; bottom: -3px; left: 33.333333333333336%;"
        />
        <span
          class="rc-slider-dot"
          style="border: 2px solid #fff; height: 10px; width: 10px; bottom: -3px; left: 66.66666666666667%;"
        />
        <span
          class="rc-slider-dot"
          style="border: 2px solid #fff; height: 10px; width: 10px; bottom: -3px; left: 100%;"
        />
      </div>
      <div
        aria-disabled="false"
        aria-valuemax="0.3"
        aria-valuemin="0"
        aria-valuenow="0"
        class="rc-slider-handle"
        role="slider"
        style="height: 20px; width: 20px; margin-top: -9px; box-shadow: none; left: 0%; transform: translateX(-50%);"
        tabindex="0"
      />
      <div
        class="rc-slider-mark"
      >
        <span
          class="rc-slider-mark-text rc-slider-mark-text-active"
          style="transform: translateX(-50%); left: 0%; font-size: 0.85rem; color: rgb(204, 204, 204);"
        >
          0
        </span>
        <span
          class="rc-slider-mark-text"
          style="transform: translateX(-50%); left: 33.333333333333336%; font-size: 0.85rem; color: rgb(204, 204, 204);"
        >
          0.1
        </span>
        <span
          class="rc-slider-mark-text"
          style="transform: translateX(-50%); left: 66.66666666666667%; font-size: 0.85rem; color: rgb(204, 204, 204);"
        >
          0.2
        </span>
        <span
          class="rc-slider-mark-text"
          style="transform: translateX(-50%); left: 100%; font-size: 0.85rem; color: rgb(204, 204, 204);"
        >
          0.3
        </span>
      </div>
    </div>
  </div>
</DocumentFragment>
`;
